// ── ИИ — OpenAI / ChatGPT ───────────────────────

chat.com
chatgpt.com
chatgpt.livekit.cloud
chatgpt.site
host.livekit.cloud
oaistatic.com
oaistatsig.com
oaiusercontent.com
openai.com
openai.qualtrics.com
openaiassets.blob.core.windows.net
openaicom-api-bdcpf8c6d2e9atf6.z01.azurefd.net
openaicom.imgix.net
openaicomproductionae4b.blob.core.windows.net
sora.com
turn.livekit.cloud

// ── ИИ — Anthropic / Claude ─────────────────────

anthropic.com
anthropic.qualtrics.com
clau.de
claude.ai
claude.com
claudemcpclient.com
claudemcpcontent.com
claudeusercontent.com
servd-anthropic-website.b-cdn.net

// ── ИИ — Google (Gemini, AI Studio, NotebookLM) ───

ai.google.dev
ai.studio
aicode.googleapis.com
aida.googleapis.com
aisandbox-pa.googleapis.com
aistudio.google.com
antigravity-unleash.goog
antigravity.google
cloudaicompanion.googleapis.com
cloudcode-pa.googleapis.com
daily-cloudcode-pa.googleapis.com
flow.google
geller-pa.googleapis.com
generativeai.google
generativelanguage.googleapis.com
jules.google
jules.google.com
labs.google
labs.google.com
makersuite.google.com
notebooklm-pa.googleapis.com
notebooklm.google
notebooklm.google.com
notebooklm.googleapis.com
opal.google
opal.google.com
robinfrontend-pa.googleapis.com

// ── ИИ — прочие ─────────────────────────────────

ai.com
deepl.com
grok.com
grok.x.com
groq.com
meta.ai
opencode.ai
perplexity.ai
perplexity.com
ppl-ai-file-upload.s3.amazonaws.com
pplx-res.cloudinary.com
pplx.ai
x.ai

// ── Google — остальное ──────────────────────────

ampproject.org
blogger.com
blogspot.com
googleblog.com
pki.goog
recaptcha.google.com
recaptcha.net
themes.googleusercontent.com
waze.com
withgoogle.com

// ── Microsoft — вход и учётная запись ───────────

b2clogin.com
enterpriseregistration.windows.net
login.windows.net
microsoftazuread-sso.com
microsoftonline-p.com
microsoftonline.com
msauth.net
msftauth.net
msftauthimages.net
msidentity.com
msocsp.com
sts.windows.net

// ── Microsoft — Xbox и игры ─────────────────────

asobostudio.com
flightsimulator.com
forza.net
forzamotorsport.net
forzaracingchampionship.com
forzarc.com
gamepass.com
orithegame.com
prodforza.blob.core.windows.net
renovacionxboxlive.com
seaofthieves.com
tellmewhygame.com
xbox.co
xbox.com
xbox.eu
xbox.org
xbox360.co
xbox360.com
xbox360.eu
xbox360.org
xboxab.com
xboxgamepass.com
xboxgamestudios.com
xboxlive.cn
xboxlive.com
xboxone.co
xboxone.com
xboxone.eu
xboxplayanywhere.com
xboxservices.com
xboxstudios.com
xbx.lv
xsts.auth.xboxlive.com

// ── Microsoft — Windows, Office, OneDrive ───────

1drv.com
1drv.ms
a-msedge.net
aka.ms
aspnetcdn.com
atmeta.com
azure.com
azureedge.net
b.cdnst.net
bing.com
bing.net
cdn.office.net
designer.microsoft.com
dynamics.com
hotmail.com
live.com
live.net
livefilestore.com
microsoft.com
microsoft.io
microsoft.net
microsoft365.com
microsoftdynamics.com
microsoftpersonalcontent.com
microsoftstore.com
msecnd.net
msedge.net
msftconnecttest.com
msftncsi.com
msn.com
msocdn.com
nuget.org
office.com
onedrive.com
onenote.com
outlook.com
outlook.office365.com
powerapps.com
powerbi.com
powershellgallery.com
s-microsoft.com
sfbassets.com
sfx.ms
sharepoint.com
sharepointonline.com
skype.com
skype.net
skypeassets.com
svc.ms
sysinternals.com
uupdump.com
uupdump.net
visualstudio.com
vsassets.io
vscode-cdn.net
vscode-unpkg.net
vscode.dev
vscodecdn.net
vscodespaces.com
windows.com
windowsupdate.com

// ── GitHub и npm ────────────────────────────────

atom.io
copilotprodattachments.blob.core.windows.net
default.exp-tas.com
dependabot.com
gh.io
ghcr.io
ghe.com
git.io
github-api.arkoselabs.com
github-cloud.s3.amazonaws.com
github-production-release-asset-2e65be.s3.amazonaws.com
github-production-repository-file-5c1aeb.s3.amazonaws.com
github-production-repository-image-32fea6.s3.amazonaws.com
github-production-upload-manifest-file-7fdce7.s3.amazonaws.com
github-production-user-asset-6210df.s3.amazonaws.com
github.blog
github.com
github.community
github.dev
github.io
githubapp.com
githubassets.com
githubcopilot.com
githubnext.com
githubpreview.dev
githubstatus.com
githubuniverse.com
githubusercontent.com
mavenregistryv2prod.blob.core.windows.net
myoctocat.com
npm.community
npmjs.com
npmjs.org
npmregistryv2prod.blob.core.windows.net
nugetregistryv2prod.blob.core.windows.net
octocaptcha.com
opensource.guide
productionresultssa0.blob.core.windows.net
productionresultssa1.blob.core.windows.net
productionresultssa10.blob.core.windows.net
productionresultssa11.blob.core.windows.net
productionresultssa12.blob.core.windows.net
productionresultssa13.blob.core.windows.net
productionresultssa14.blob.core.windows.net
productionresultssa15.blob.core.windows.net
productionresultssa16.blob.core.windows.net
productionresultssa17.blob.core.windows.net
productionresultssa18.blob.core.windows.net
productionresultssa19.blob.core.windows.net
productionresultssa2.blob.core.windows.net
productionresultssa3.blob.core.windows.net
productionresultssa4.blob.core.windows.net
productionresultssa5.blob.core.windows.net
productionresultssa6.blob.core.windows.net
productionresultssa7.blob.core.windows.net
productionresultssa8.blob.core.windows.net
productionresultssa9.blob.core.windows.net
repo.new
rubygemsregistryv2prod.blob.core.windows.net
thegithubshop.com

// ── JetBrains ───────────────────────────────────

api.jetbrains.ai
jetbrains.com
jetbrains.space
jetbrains.team
myjetbrains.com
qodana.cloud

// ── Игры — Epic ─────────────────────────────────

3lateral.com
artstation.com
artstationmedia.com
battlebreakers.com
capturingreality.com
cloudsync-prod.s3.amazonaws.com
cubicmotion.com
dawngate.com
eac-cdn.com
easyanticheat.net
egdownload.fastly-edge.com
epicbrowser.com
epicgames.com
epicgames.dev
epicgamescdn.com
fab.com
fortnite-vod.akamaized.net
fortnite.com
hyprsense.com
lordofultima.com
paragon.com
playparagon.com
quixel.com
quixel.se
radgametools.com
realityscan.com
roborecall.com
shadowcomplex.com
sketchfab.com
sliceonline.com
spyjinx.com
twinmotion.com
unrealengine.com
unrealtournament.com

// ── Игры — Blizzard ─────────────────────────────

battle.net
blizzard.com
blizzardgearstore.com
blizzcon-a.akamaihd.net
blz-contentstack.com
blzddist1-a.akamaihd.net
blzddistkr1-a.akamaihd.net
blzmedia-a.akamaihd.net
blznav.akamaized.net
bnetcmsus-a.akamaihd.net
bnetproduct-a.akamaihd.net
bnetshopus.akamaized.net
diablo3.com
diabloimmortal.com
firesidegatherings.com
heroesofthestorm.com
playhearthstone.com
playoverwatch.com
playwarcraft3.com
starcraft.com
starcraft2.com
worldofwarcraft.com

// ── Игры — Bethesda ─────────────────────────────

beth.games
bethesda.net
bethesdagamestudios.com
bethsoft.com
doom.com
elderscrolls.com

// ── Игры — Supercell ────────────────────────────

boombeachgame.com
brawlstarsgame.com
clashofclans.com
clashroyaleapp.com
haydaygame.com
squadbustersgame.com
supercell.com

// ── Игры — прочие (EA, PlayStation, GOG) ────────

battleye.com
eastore.com
gog-statics.com
gog.com
gtalens.com
origin-a.akamaihd.net
origin.com
origin.tv
playfab.com
playfabapi.com
playstation.com
playstation.net
rtm.tnt-ea.com
sonyentertainmentnetwork.com
steamgriddb.com
vanillatweaks.net
wbagora.com

// ── Telegram и TON ──────────────────────────────

cdn-telegram.org
comments.app
contest.com
fragment.com
graph.org
quiz.directory
t.me
tdesktop.com
telega.one
telegra.ph
telegram-cdn.org
telegram.dog
telegram.me
telegram.org
telegram.space
telesco.pe
tg.dev
ton.org
toncenter.com
tx.me
usercontent.dev

// ── WhatsApp ────────────────────────────────────

wa.me
whatsapp-plus.info
whatsapp-plus.me
whatsapp-plus.net
whatsapp.biz
whatsapp.cc
whatsapp.com
whatsapp.info
whatsapp.net
whatsapp.org
whatsapp.tv
whatsappbrand.com

// ── X (Twitter) ─────────────────────────────────

ads-twitter.com
t.co
twimg.com
twitpic.com
twitter.biz
twitter.com
twitter.jp
twittercommunity.com
twitterflightschool.com
twitterinc.com
twitteroauth.com
twitterstat.us
twtrdns.net
twttr.com
twttr.net
twvid.com
x.com

// ── Instagram и Meta ────────────────────────────

cdninstagram.com
facebook.com
facebook.net
fb.com
fbcdn.net
fbsbx.com
igcdn.com
instagram.com
messenger.com

// ── Другие мессенджеры ──────────────────────────

twinme.com

// ── Производители телефонов ─────────────────────

cdn.cnbj1.fds.api.mi-img.com
hicloud.com
hihonor.com
hihonorcloud.com
honor-store.com
honor.cn
honor.com
mi.com
miui.com
push.samsungosp.com
samsung.com
samsungcloud.com
samsungknox.com
tecno-mobile.com
transsion.com
vmall.com
xiaomi.com
xiaomi.eu

// ── Аниме, манга, арт ───────────────────────────

anidub.com
anilib.me
anilibria.org
anilibria.tv
anilibria.uno
anilibria.wtf
animaunt.org
anime-portal.su
animebest.org
animedia.tv
animego.org
animespirit.ru
anistar.org
anistars.ru
pixiv.net
shikimori.one

// ── Кино и сериалы ──────────────────────────────

hdkinoteatr.com
hdrzk.org
hdstudio.org
livestream.com
streamable.com
ytdown.to

// ── Музыка ──────────────────────────────────────

deezer.com
dzcdn.net
last.fm

// ── Взрослое ────────────────────────────────────

phncdn.com
pornhub.com
pornhub.org
rule34.art
rule34.us
rule34.xxx

// ── Книги и научные статьи ──────────────────────

annas-archive.org
sci-hub.se

// ── Приём SMS ───────────────────────────────────

5sim.net
sms-activate.io

// ── Adobe ───────────────────────────────────────

adobe.com
adobe.io
adobe.net

// ── Разработка и инженерное ─────────────────────

agora.io
dashboard.algolia.com
dashboard.gitguardian.com
downloads.intercomcdn.com
fivetran.com
gitlab.com
httptoolkit.com
intercom.io
joesandbox.com
multisim.com
ni.com
oraclecloud.com
schneider-electric.com
sd-rtn.com
se.com
verificationacademy.com
wetransfer.com
xrite.com

// ── Linux — Flathub и кодеки ─────────────────────

ciscobinary.openh264.org
flathub.org

// ── Разное ──────────────────────────────────────

chainreactioncycles.com
easy.ac
gofund.me
gonift.com
habr.com
johan.li
meetup.com
message.style
s-bid.rmp.rakuten.com
typing.com
